0 verbose cli C:\Program Files\nodejs\node.exe C:\Program Files\nodejs\node_modules\npm\bin\npm-cli.js
1 info using npm@11.11.0
2 info using node@v25.8.1
3 silly config load:file:C:\Program Files\nodejs\node_modules\npm\npmrc
4 silly config load:file:C:\Users\User\Desktop\biophlo-landing\biophlo-landing\.npmrc
5 silly config load:file:C:\Users\User\.npmrc
6 silly config load:file:C:\Users\User\AppData\Roaming\npm\etc\npmrc
7 verbose title npm pack @rolldown/binding-win32-x64-msvc@1.0.1
8 verbose argv "pack" "@rolldown/binding-win32-x64-msvc@1.0.1" "--cache" ".npm-cache" "--prefer-online"
9 verbose logfile logs-max:10 dir:C:\Users\User\Desktop\biophlo-landing\biophlo-landing\.npm-cache\_logs\2026-09-23T11_17_41_528Z-
10 verbose logfile C:\Users\User\Desktop\biophlo-landing\biophlo-landing\.npm-cache\_logs\2026-09-23T11_17_41_528Z-debug-0.log
11 silly logfile done cleaning log files
12 http fetch GET 200 https://registry.npmjs.org/@rolldown%2fbinding-win32-x64-msvc 3262ms (cache miss)
13 http fetch GET 200 https://registry.npmjs.org/@rolldown%2fbinding-win32-x64-msvc 635ms (cache revalidated)
14 http fetch GET 200 https://registry.npmjs.org/@rolldown/binding-win32-x64-msvc/-/binding-win32-x64-msvc-1.0.1.tgz 42652ms (cache miss)
15 notice
16 notice 📦  @rolldown/binding-win32-x64-msvc@1.0.1
17 notice Tarball Contents
18 notice 108B README.md
18 notice 782B package.json
18 notice 23.0MB rolldown-binding.win32-x64-msvc.node
19 notice Tarball Details
20 notice name: @rolldown/binding-win32-x64-msvc
21 notice version: 1.0.1
22 notice filename: rolldown-binding-win32-x64-msvc-1.0.1.tgz
23 notice package size: 8.7 MB
24 notice unpacked size: 23.0 MB
25 notice shasum: dfb32a67ccb0deaa3c9a57f6cb4890b5697dfa2c
26 notice integrity: sha512-INAycaWuhlOK3[...]b8tNm8knDVIeQ==
27 notice total files: 3
28 notice
29 verbose cwd C:\Users\User\Desktop\biophlo-landing\biophlo-landing
30 verbose os Windows_NT 10.0.26200
31 verbose node v25.8.1
32 verbose npm  v11.11.0
33 verbose exit 0
34 info ok
